Total cost: 16010, memory=16000
PhysicHashAgg  (inccost=16010, cost=10005, rows=2000, memory=16000) (actual rows=700)
    Output: {count(*)(0)}[2]
    Aggregates: count(*)(0)
    Group by: lineitem.l_partkey[0], lineitem.l_suppkey[1]
    -> PhysicScanTable lineitem (inccost=6005, cost=6005, rows=6005) (actual rows=6005)
        Output: lineitem.l_partkey[1],lineitem.l_suppkey[2]
