Total cost: 22515, memory=414000
PhysicHashJoin  (inccost=22515, cost=15010, rows=6005, memory=414000) (actual rows=6005)
    Output: lineitem.l_orderkey[9],lineitem.l_partkey[10],lineitem.l_suppkey[11],lineitem.l_linenumber[12],lineitem.l_quantity[13],lineitem.l_extendedprice[14],lineitem.l_discount[15],lineitem.l_tax[16],lineitem.l_returnflag[17],lineitem.l_linestatus[18],lineitem.l_shipdate[19],lineitem.l_commitdate[20],lineitem.l_receiptdate[21],lineitem.l_shipinstruct[22],lineitem.l_shipmode[23],lineitem.l_comment[24],orders.o_orderkey[0],orders.o_custkey[1],orders.o_orderstatus[2],orders.o_totalprice[3],orders.o_orderdate[4],orders.o_orderpriority[5],orders.o_clerk[6],orders.o_shippriority[7],orders.o_comment[8]
    Filter: lineitem.l_orderkey[9]=orders.o_orderkey[0]
    -> PhysicScanTable orders (inccost=1500, cost=1500, rows=1500) (actual rows=1500)
        Output: orders.o_orderkey[0],orders.o_custkey[1],orders.o_orderstatus[2],orders.o_totalprice[3],orders.o_orderdate[4],orders.o_orderpriority[5],orders.o_clerk[6],orders.o_shippriority[7],orders.o_comment[8]
    -> PhysicScanTable lineitem (inccost=6005, cost=6005, rows=6005) (actual rows=6005)
        Output: lineitem.l_orderkey[0],lineitem.l_partkey[1],lineitem.l_suppkey[2],lineitem.l_linenumber[3],lineitem.l_quantity[4],lineitem.l_extendedprice[5],lineitem.l_discount[6],lineitem.l_tax[7],lineitem.l_returnflag[8],lineitem.l_linestatus[9],lineitem.l_shipdate[10],lineitem.l_commitdate[11],lineitem.l_receiptdate[12],lineitem.l_shipinstruct[13],lineitem.l_shipmode[14],lineitem.l_comment[15]
