Total cost: 16812, memory=350400
PhysicHashJoin  (inccost=16812, cost=10007, rows=2402, memory=350400) (actual rows=8447)
    Output: lineitem.l_orderkey[5],lineitem.l_partkey[6],lineitem.l_suppkey[7],lineitem.l_linenumber[8],lineitem.l_quantity[9],lineitem.l_extendedprice[10],lineitem.l_discount[11],lineitem.l_tax[12],lineitem.l_returnflag[13],lineitem.l_linestatus[14],lineitem.l_shipdate[15],lineitem.l_commitdate[16],lineitem.l_receiptdate[17],lineitem.l_shipinstruct[18],lineitem.l_shipmode[19],lineitem.l_comment[20],partsupp.ps_partkey[0],partsupp.ps_suppkey[1],partsupp.ps_availqty[2],partsupp.ps_supplycost[3],partsupp.ps_comment[4]
    Filter: partsupp.ps_suppkey[1]=lineitem.l_suppkey[7] and partsupp.ps_partkey[0]=lineitem.l_partkey[6]
    -> PhysicScanTable partsupp (inccost=800, cost=800, rows=800) (actual rows=800)
        Output: partsupp.ps_partkey[0],partsupp.ps_suppkey[1],partsupp.ps_availqty[2],partsupp.ps_supplycost[3],partsupp.ps_comment[4]
    -> PhysicScanTable lineitem (inccost=6005, cost=6005, rows=6005) (actual rows=6005)
        Output: lineitem.l_orderkey[0],lineitem.l_partkey[1],lineitem.l_suppkey[2],lineitem.l_linenumber[3],lineitem.l_quantity[4],lineitem.l_extendedprice[5],lineitem.l_discount[6],lineitem.l_tax[7],lineitem.l_returnflag[8],lineitem.l_linestatus[9],lineitem.l_shipdate[10],lineitem.l_commitdate[11],lineitem.l_receiptdate[12],lineitem.l_shipinstruct[13],lineitem.l_shipmode[14],lineitem.l_comment[15]
