Total cost: 5762, memory=312432
PhysicHashJoin Left (inccost=5762, cost=4112, rows=1698, memory=312432) (actual rows=1131)
    Output: orders.o_orderkey[0],orders.o_custkey[1],orders.o_orderstatus[2],orders.o_totalprice[3],orders.o_orderdate[4],orders.o_orderpriority[5],orders.o_clerk[6],orders.o_shippriority[7],orders.o_comment[8],customer.c_custkey[9],customer.c_name[10],customer.c_address[11],customer.c_nationkey[12],customer.c_phone[13],customer.c_acctbal[14],customer.c_mktsegment[15],customer.c_comment[16]
    Filter: orders.o_custkey[1]=customer.c_custkey[9]
    -> PhysicScanTable orders (inccost=1500, cost=1500, rows=1132) (actual rows=1131)
        Output: orders.o_orderkey[0],orders.o_custkey[1],orders.o_orderstatus[2],orders.o_totalprice[3],orders.o_orderdate[4],orders.o_orderpriority[5],orders.o_clerk[6],orders.o_shippriority[7],orders.o_comment[8]
        Filter: orders.o_totalprice[3]>50000.01
    -> PhysicScanTable customer (inccost=150, cost=150, rows=150) (actual rows=150)
        Output: customer.c_custkey[0],customer.c_name[1],customer.c_address[2],customer.c_nationkey[3],customer.c_phone[4],customer.c_acctbal[5],customer.c_mktsegment[6],customer.c_comment[7]
